Microchip MPLAB XC8 Compiler V1.12 ()

Linker command line:

-W-3 --edf=C:\Program Files (x86)\Microchip\xc8\v1.12\dat\en_msgs.txt -cs \
  -h+dist/default/debug\TP2_V2.X.debug.sym -z -Q18F87K22 -ol.obj \
  -Mdist/default/debug/TP2_V2.X.debug.map -E1 -ver=XC8 -ACODE=00h-01FFFFh \
  -ACONST=00h-01FFFFh -ASMALLCONST=01000h-010FFhx496 \
  -AMEDIUMCONST=01000h-0FFFFh,011000h-01FFFFh -AFARRAM=020000h-01FFFFFh \
  -ACOMRAM=01h-05Fh -AABS1=00h-0F15h -ABIGRAM=01h-0F15h \
  -ARAM=060h-0FFh,0100h-01FFhx14,0F00h-0F15h -ABANK0=060h-0FFh \
  -ABANK1=0100h-01FFh -ABANK2=0200h-02FFh -ABANK3=0300h-03FFh \
  -ABANK4=0400h-04FFh -ABANK5=0500h-05FFh -ABANK6=0600h-06FFh \
  -ABANK7=0700h-07FFh -ABANK8=0800h-08FFh -ABANK9=0900h-09FFh \
  -ABANK10=0A00h-0AFFh -ABANK11=0B00h-0BFFh -ABANK12=0C00h-0CFFh \
  -ABANK13=0D00h-0DFFh -ABANK14=0E00h-0EFFh -ABANK15=0F00h-0F15h \
  -ASFR=0F16h-0F5Fh,0F60h-0FFCh \
  -preset_vec=00h,intcode=08h,intcodelo=018h,powerup,init,end_init \
  -pramtop=01000h -psmallconst=SMALLCONST -pmediumconst=MEDIUMCONST \
  -pconst=CONST -AFARRAM=020000h-01FFFFFh -ACONFIG=0300000h-030000Dh \
  -pconfig=CONFIG -AIDLOC=0200000h-0200007h -pidloc=IDLOC \
  -AEEDATA=0F00000h-0F003FFh -peeprom_data=EEDATA \
  -prdata=COMRAM,nvrram=COMRAM,nvbit=COMRAM,rbss=COMRAM,rbit=COMRAM \
  -pfarbss=FARRAM,fardata=FARRAM \
  -pintsave_regs=BIGRAM,bigbss=BIGRAM,bigdata=BIGRAM -pbss=RAM \
  -pidata=CODE,irdata=CODE,ibigdata=CODE,ifardata=CODE \
  C:\Users\Bastien\AppData\Local\Temp\sejk.obj \
  dist/default/debug\TP2_V2.X.debug.obj 

Object code version is 3.10

Machine type is 18F87K22

Call graph: (short form)




                Name                               Link     Load   Length Selector   Space Scale
C:\Users\Bastien\AppData\Local\Temp\sejk.obj
                end_init                             A2       A2        4        C       0
                reset_vec                             0        0        6        0       0
                idloc                            200000   200000        8   200000       0
                config                           300000   300000        E   300000       0
dist/default/debug\TP2_V2.X.debug.obj
                intcodelo                            18       18       8A        C       0
                intcode                               8        8       10        4       0
                intcode_body                        B62      B62       A4        C       0
                text15                              8AE      8AE      106        C       0
                text14                               A6       A6      228        C       0
                text13                              2CE      2CE      1E4        C       0
                text12                              9B4      9B4       EE        C       0
                text11                              D02      D02       6E        C       0
                text10                              AA2      AA2       C0        C       0
                text9                               C90      C90       72        C       0
                text8                               DAE      DAE       3A        C       0
                text7                               E28      E28       20        C       0
                text6                               E48      E48       1C        C       0
                text5                               C06      C06       8A        C       0
                text4                               79E      79E      110        C       0
                text3                               E08      E08       20        C       0
                text2                               DE8      DE8       20        C       0
                text1                               660      660      13E        C       0
                text0                               4B2      4B2      1AE        C       0
                cstackCOMRAM                          1        1       24        1       1
                cstackBANK0                          60       60       2A       60       1
                dataBANK0                            9E       9E       14       60       1
                bssBANK0                             8A       8A       14       60       1
                bssCOMRAM                            25       25       1C        1       1
                cinit                               D70      D70       3E        C       0
                idataBANK0                          E64      E64       14        C       0

TOTAL           Name                               Link     Load   Length     Space
        CLASS   CODE           
                end_init                             A2       A2        4         0
                intcodelo                            18       18       8A         0
                intcode                               8        8       10         0
                reset_vec                             0        0        6         0
                intcode_body                        B62      B62       A4         0
                text15                              8AE      8AE      106         0
                text14                               A6       A6      228         0
                text13                              2CE      2CE      1E4         0
                text12                              9B4      9B4       EE         0
                text11                              D02      D02       6E         0
                text10                              AA2      AA2       C0         0
                text9                               C90      C90       72         0
                text8                               DAE      DAE       3A         0
                text7                               E28      E28       20         0
                text6                               E48      E48       1C         0
                text5                               C06      C06       8A         0
                text4                               79E      79E      110         0
                text3                               E08      E08       20         0
                text2                               DE8      DE8       20         0
                text1                               660      660      13E         0
                text0                               4B2      4B2      1AE         0
                cinit                               D70      D70       3E         0
                idataBANK0                          E64      E64       14         0

        CLASS   CONST          

        CLASS   SMALLCONST     

        CLASS   MEDIUMCONST    

        CLASS   FARRAM         

        CLASS   COMRAM         
                cstackCOMRAM                          1        1       24         1
                bssCOMRAM                            25       25       1C         1

        CLASS   ABS1           

        CLASS   BIGRAM         

        CLASS   RAM            

        CLASS   BANK0          
                cstackBANK0                          60       60       2A         1
                dataBANK0                            9E       9E       14         1
                bssBANK0                             8A       8A       14         1

        CLASS   BANK1          

        CLASS   BANK2          

        CLASS   BANK3          

        CLASS   BANK4          

        CLASS   BANK5          

        CLASS   BANK6          

        CLASS   BANK7          

        CLASS   BANK8          

        CLASS   BANK9          

        CLASS   BANK10         

        CLASS   BANK11         

        CLASS   BANK12         

        CLASS   BANK13         

        CLASS   BANK14         

        CLASS   BANK15         

        CLASS   SFR            

        CLASS   CONFIG         
                config                           300000   300000        E         0

        CLASS   IDLOC          
                idloc                            200000   200000        8         0

        CLASS   EEDATA         



SEGMENTS        Name                           Load    Length   Top    Selector   Space  Class

                reset_vec                      000000  000006  000006         0       0  CODE    
                cstackCOMRAM                   000001  000040  000041         1       1  COMRAM  
                intcode                        000008  000010  000018         4       0  CODE    
                intcodelo                      000018  000E60  000E78         C       0  CODE    
                cstackBANK0                    000060  000052  0000B2        60       1  BANK0   
                idloc                          200000  000008  200008    200000       0  IDLOC   
                config                         300000  00000E  30000E    300000       0  CONFIG  


UNUSED ADDRESS RANGES

        Name                Unused          Largest block    Delta
        BANK0            0000B2-0000FF               4E
        BANK1            000100-0001FF              100
        BANK10           000A00-000AFF              100
        BANK11           000B00-000BFF              100
        BANK12           000C00-000CFF              100
        BANK13           000D00-000DFF              100
        BANK14           000E00-000EFF              100
        BANK15           000F00-000F15               16
        BANK2            000200-0002FF              100
        BANK3            000300-0003FF              100
        BANK4            000400-0004FF              100
        BANK5            000500-0005FF              100
        BANK6            000600-0006FF              100
        BANK7            000700-0007FF              100
        BANK8            000800-0008FF              100
        BANK9            000900-0009FF              100
        BIGRAM           000041-00005F               1F
                         0000B2-000F15              E64
        CODE             000006-000007                2
                         000E78-01FFFF            1F188
        COMRAM           000041-00005F               1F
        CONST            000006-000007                2
                         000E78-01FFFF            1F188
        EEDATA           F00000-F003FF              400
        FARRAM           020000-1FFFFF           1E0000
        MEDIUMCONST      001000-00FFFF             F000
                         011000-01FFFF             F000
        RAM              0000B2-000F15              100
        SFR              000F16-000FFC               4A
        SMALLCONST       001000-01FFFF              100

                                  Symbol Table

?_INT_to_ASCII               cstackBANK0  000064
?_Tempo                      cstackCOMRAM 000020
?___awdiv                    cstackCOMRAM 000020
?___awmod                    cstackCOMRAM 000020
?___awtoft                   cstackBANK0  000064
?___ftmul                    cstackBANK0  000069
?___ftpack                   cstackCOMRAM 000020
?___fttol                    cstackBANK0  00007A
?_get_Timer_Value            cstackCOMRAM 000020
?_tx_data                    cstackBANK0  000060
INT_to_ASCII@i               cstackBANK0  000068
INT_to_ASCII@i_184           cstackBANK0  00006A
INT_to_ASCII@valeur_a_conv   cstackBANK0  000064
Tempo@i                      cstackCOMRAM 000023
Tempo@val                    cstackCOMRAM 000020
_ADCON0bits                  (abs)        000FC2
_ADCON1bits                  (abs)        000FC1
_ADCON2bits                  (abs)        000FC0
_ADRESH                      (abs)        000FC4
_ADRESL                      (abs)        000FC3
_ANCON0                      (abs)        000F25
_ANCON0bits                  (abs)        000F25
_ANCON1                      (abs)        000F24
_ANCON2                      (abs)        000F23
_CLAVIER                     (abs)        180000
_I2C_Init                    text6        000E48
_INTCON2bits                 (abs)        000FF1
_INTCONbits                  (abs)        000FF2
_INT_to_ASCII                text1        000660
_Init                        text5        000C06
_LATCbits                    (abs)        000F8B
_LCD_DATA                    (abs)        1A0002
_LCD_FUNC                    (abs)        1A0000
_MEMCON                      (abs)        000F26
_PIR1bits                    (abs)        000F9E
_PIR3bits                    (abs)        000FA4
_PORTBbits                   (abs)        000F81
_RCIF                        (abs)        007CF5
_RCONbits                    (abs)        000FD0
_RCREG2                      (abs)        000F1D
_RCSTA2bits                  (abs)        000F22
_RX_BUFFER                   bssBANK0     00008A
_RX_INDEX                    bssCOMRAM    000031
_SPBRG2                      (abs)        000F1E
_SSP1ADD                     (abs)        000FC8
_SSP1BUF                     (abs)        000FC9
_SSP1CON1                    (abs)        000FC6
_SSP1CON1bits                (abs)        000FC6
_SSP1CON2                    (abs)        000FC5
_SSP1CON2bits                (abs)        000FC5
_SSP1STAT                    (abs)        000FC7
_T0CONbits                   (abs)        000FD5
_TMR0H                       (abs)        000FD7
_TMR0L                       (abs)        000FD6
_TRISA                       (abs)        000F92
_TRISAbits                   (abs)        000F92
_TRISB                       (abs)        000F93
_TRISBbits                   (abs)        000F93
_TRISCbits                   (abs)        000F94
_TRISG                       (abs)        000F98
_TRISGbits                   (abs)        000F98
_TRISJ                       (abs)        000F9A
_TXREG2                      (abs)        000F1C
_TXSTA2bits                  (abs)        000F21
_TX_BUFFER                   dataBANK0    00009E
_TX_INDEX                    bssCOMRAM    000033
_Tempo                       text8        000DAE
_UART                        intcodelo    000018
__CFG_ABW$XM20               (abs)        000000
__CFG_BBSIZ$BB1K             (abs)        000000
__CFG_BOREN$OFF              (abs)        000000
__CFG_BORPWR$ZPBORMV         (abs)        000000
__CFG_BORV$0                 (abs)        000000
__CFG_BW$8                   (abs)        000000
__CFG_CCP2MX$PORTC           (abs)        000000
__CFG_CP0$OFF                (abs)        000000
__CFG_CP1$OFF                (abs)        000000
__CFG_CP2$OFF                (abs)        000000
__CFG_CP3$OFF                (abs)        000000
__CFG_CP4$OFF                (abs)        000000
__CFG_CP5$OFF                (abs)        000000
__CFG_CP6$OFF                (abs)        000000
__CFG_CP7$OFF                (abs)        000000
__CFG_CPB$OFF                (abs)        000000
__CFG_CPD$OFF                (abs)        000000
__CFG_DEBUG$OFF              (abs)        000000
__CFG_EASHFT$OFF             (abs)        000000
__CFG_EBRT0$OFF              (abs)        000000
__CFG_EBRT1$OFF              (abs)        000000
__CFG_EBRT2$OFF              (abs)        000000
__CFG_EBRT3$OFF              (abs)        000000
__CFG_EBRT4$OFF              (abs)        000000
__CFG_EBRT5$OFF              (abs)        000000
__CFG_EBRT6$OFF              (abs)        000000
__CFG_EBRT7$OFF              (abs)        000000
__CFG_EBRTB$OFF              (abs)        000000
__CFG_ECCPMX$PORTE           (abs)        000000
__CFG_FCMEN$OFF              (abs)        000000
__CFG_FOSC$HS1               (abs)        000000
__CFG_IESO$OFF               (abs)        000000
__CFG_INTOSCSEL$HIGH         (abs)        000000
__CFG_MCLRE$ON               (abs)        000000
__CFG_MSSPMSK$MSK7           (abs)        000000
__CFG_PLLCFG$OFF             (abs)        000000
__CFG_PWRTEN$OFF             (abs)        000000
__CFG_RETEN$ON               (abs)        000000
__CFG_RTCOSC$SOSCREF         (abs)        000000
__CFG_SOSCSEL$HIGH           (abs)        000000
__CFG_STVREN$ON              (abs)        000000
__CFG_WAIT$ON                (abs)        000000
__CFG_WDTEN$OFF              (abs)        000000
__CFG_WDTPS$1                (abs)        000000
__CFG_WRT0$OFF               (abs)        000000
__CFG_WRT1$OFF               (abs)        000000
__CFG_WRT2$OFF               (abs)        000000
__CFG_WRT3$OFF               (abs)        000000
__CFG_WRT4$OFF               (abs)        000000
__CFG_WRT5$OFF               (abs)        000000
__CFG_WRT6$OFF               (abs)        000000
__CFG_WRT7$OFF               (abs)        000000
__CFG_WRTB$OFF               (abs)        000000
__CFG_WRTC$OFF               (abs)        000000
__CFG_WRTD$OFF               (abs)        000000
__CFG_XINST$OFF              (abs)        000000
__HRAM                       (abs)        000000
__Habs1                      abs1         000000
__Hbank0                     bank0        000000
__Hbank1                     bank1        000000
__Hbank10                    bank10       000000
__Hbank11                    bank11       000000
__Hbank12                    bank12       000000
__Hbank13                    bank13       000000
__Hbank14                    bank14       000000
__Hbank15                    bank15       000000
__Hbank2                     bank2        000000
__Hbank3                     bank3        000000
__Hbank4                     bank4        000000
__Hbank5                     bank5        000000
__Hbank6                     bank6        000000
__Hbank7                     bank7        000000
__Hbank8                     bank8        000000
__Hbank9                     bank9        000000
__Hbigbss                    bigbss       000000
__Hbigdata                   bigdata      000000
__Hbigram                    bigram       000000
__Hbss                       bss          000000
__HbssBANK0                  bssBANK0     000000
__HbssCOMRAM                 bssCOMRAM    000000
__Hcinit                     cinit        000000
__Hclrtext                   clrtext      000000
__Hcomram                    comram       000000
__Hconfig                    config       30000E
__Hconst                     const        000000
__HcstackBANK0               cstackBANK0  000000
__HcstackCOMRAM              cstackCOMRAM 000000
__Hdata                      data         000000
__HdataBANK0                 dataBANK0    000000
__Heeprom_data               eeprom_data  000000
__Hend_init                  end_init     0000A6
__Hfarbss                    farbss       000000
__Hfardata                   fardata      000000
__Hibigdata                  ibigdata     000000
__Hidata                     idata        000000
__HidataBANK0                idataBANK0   000000
__Hidloc                     idloc        200008
__Hifardata                  ifardata     000000
__Hinit                      init         0000A2
__Hintcode                   intcode      000018
__Hintcode_body              intcode_body 000000
__Hintcodelo                 intcodelo    0000A2
__Hintentry                  intentry     000000
__Hintret                    intret       000000
__Hintsave_regs              intsave_regs 000000
__Hirdata                    irdata       000000
__Hmediumconst               mediumconst  000000
__Hnvbit                     nvbit        000000
__Hnvrram                    nvrram       000000
__Hparam                     rparam       000000
__Hpowerup                   powerup      0000A2
__Hram                       ram          000000
__Hramtop                    ramtop       001000
__Hrbit                      rbit         000000
__Hrbss                      rbss         000000
__Hrdata                     rdata        000000
__Hreset_vec                 reset_vec    000006
__Hrparam                    rparam       000000
__Hsfr                       sfr          000000
__Hsmallconst                smallconst   000000
__Hstruct                    struct       000000
__Htemp                      temp         000000
__Htext                      text         000000
__Htext0                     text0        000000
__Htext1                     text1        000000
__Htext10                    text10       000000
__Htext11                    text11       000000
__Htext12                    text12       000000
__Htext13                    text13       000000
__Htext14                    text14       000000
__Htext15                    text15       000000
__Htext2                     text2        000000
__Htext3                     text3        000000
__Htext4                     text4        000000
__Htext5                     text5        000000
__Htext6                     text6        000000
__Htext7                     text7        000000
__Htext8                     text8        000000
__Htext9                     text9        000000
__LRAM                       (abs)        000001
__Labs1                      abs1         000000
__Lbank0                     bank0        000000
__Lbank1                     bank1        000000
__Lbank10                    bank10       000000
__Lbank11                    bank11       000000
__Lbank12                    bank12       000000
__Lbank13                    bank13       000000
__Lbank14                    bank14       000000
__Lbank15                    bank15       000000
__Lbank2                     bank2        000000
__Lbank3                     bank3        000000
__Lbank4                     bank4        000000
__Lbank5                     bank5        000000
__Lbank6                     bank6        000000
__Lbank7                     bank7        000000
__Lbank8                     bank8        000000
__Lbank9                     bank9        000000
__Lbigbss                    bigbss       000000
__Lbigdata                   bigdata      000000
__Lbigram                    bigram       000000
__Lbss                       bss          000000
__LbssBANK0                  bssBANK0     000000
__LbssCOMRAM                 bssCOMRAM    000000
__Lcinit                     cinit        000000
__Lclrtext                   clrtext      000000
__Lcomram                    comram       000000
__Lconfig                    config       300000
__Lconst                     const        000000
__LcstackBANK0               cstackBANK0  000000
__LcstackCOMRAM              cstackCOMRAM 000000
__Ldata                      data         000000
__LdataBANK0                 dataBANK0    000000
__Leeprom_data               eeprom_data  000000
__Lend_init                  end_init     0000A2
__Lfarbss                    farbss       000000
__Lfardata                   fardata      000000
__Libigdata                  ibigdata     000000
__Lidata                     idata        000000
__LidataBANK0                idataBANK0   000000
__Lidloc                     idloc        200000
__Lifardata                  ifardata     000000
__Linit                      init         0000A2
__Lintcode                   intcode      000008
__Lintcode_body              intcode_body 000000
__Lintcodelo                 intcodelo    000018
__Lintentry                  intentry     000000
__Lintret                    intret       000000
__Lintsave_regs              intsave_regs 000000
__Lirdata                    irdata       000000
__Lmediumconst               mediumconst  000000
__Lnvbit                     nvbit        000000
__Lnvrram                    nvrram       000000
__Lparam                     rparam       000000
__Lpowerup                   powerup      0000A2
__Lram                       ram          000000
__Lramtop                    ramtop       001000
__Lrbit                      rbit         000000
__Lrbss                      rbss         000000
__Lrdata                     rdata        000000
__Lreset_vec                 reset_vec    000000
__Lrparam                    rparam       000000
__Lsfr                       sfr          000000
__Lsmallconst                smallconst   000000
__Lstruct                    struct       000000
__Ltemp                      temp         000000
__Ltext                      text         000000
__Ltext0                     text0        000000
__Ltext1                     text1        000000
__Ltext10                    text10       000000
__Ltext11                    text11       000000
__Ltext12                    text12       000000
__Ltext13                    text13       000000
__Ltext14                    text14       000000
__Ltext15                    text15       000000
__Ltext2                     text2        000000
__Ltext3                     text3        000000
__Ltext4                     text4        000000
__Ltext5                     text5        000000
__Ltext6                     text6        000000
__Ltext7                     text7        000000
__Ltext8                     text8        000000
__Ltext9                     text9        000000
__S0                         (abs)        30000E
__S1                         (abs)        0000B2
___awdiv                     text12       0009B4
___awdiv@counter             cstackBANK0  000060
___awdiv@dividend            cstackCOMRAM 000020
___awdiv@divisor             cstackCOMRAM 000022
___awdiv@quotient            cstackBANK0  000062
___awdiv@sign                cstackBANK0  000061
___awmod                     text10       000AA2
___awmod@counter             cstackBANK0  000060
___awmod@dividend            cstackCOMRAM 000020
___awmod@divisor             cstackCOMRAM 000022
___awmod@sign                cstackBANK0  000061
___awtoft                    text11       000D02
___awtoft@c                  cstackBANK0  000064
___awtoft@sign               cstackBANK0  000068
___ftmul                     text14       0000A6
___ftmul@cntr                cstackBANK0  000078
___ftmul@exp                 cstackBANK0  000074
___ftmul@f1                  cstackBANK0  000069
___ftmul@f2                  cstackBANK0  00006C
___ftmul@f3_as_product       cstackBANK0  000075
___ftmul@sign                cstackBANK0  000079
___ftpack                    text15       0008AE
___ftpack@arg                cstackCOMRAM 000020
___ftpack@exp                cstackCOMRAM 000023
___ftpack@sign               cstackCOMRAM 000024
___fttol                     text13       0002CE
___fttol@exp1                cstackBANK0  000088
___fttol@f1                  cstackBANK0  00007A
___fttol@lval                cstackBANK0  000084
___fttol@sign1               cstackBANK0  000083
__accesstop                  (abs)        000060
__activetblptr               (abs)        000003
__end_of_I2C_Init            text6        000E64
__end_of_INT_to_ASCII        text1        00079E
__end_of_Init                text5        000C90
__end_of_Tempo               text8        000DE8
__end_of_UART                intcodelo    0000A2
__end_of___awdiv             text12       000AA2
__end_of___awmod             text10       000B62
__end_of___awtoft            text11       000D70
__end_of___ftmul             text14       0002CE
__end_of___ftpack            text15       0009B4
__end_of___fttol             text13       0004B2
__end_of__initialization     cinit        000DA8
__end_of_clavier_appuyer     intcode_body 000C06
__end_of_clear_LCD           text3        000E28
__end_of_get_Timer_Value     text9        000D02
__end_of_home_LCD            text2        000E08
__end_of_init_LCD            text4        0008AE
__end_of_main                text0        000660
__end_of_tx_data             text7        000E48
__initialization             cinit        000D70
__mediumconst                mediumconst  000000
__pbssBANK0                  bssBANK0     00008A
__pbssCOMRAM                 bssCOMRAM    000025
__pcinit                     cinit        000D70
__pcstackBANK0               cstackBANK0  000060
__pcstackCOMRAM              cstackCOMRAM 000001
__pdataBANK0                 dataBANK0    00009E
__pidataBANK0                idataBANK0   000E64
__pintcode                   intcode      000008
__pintcode_body              intcode_body 000B62
__pintcodelo                 intcodelo    000018
__ptext0                     text0        0004B2
__ptext1                     text1        000660
__ptext10                    text10       000AA2
__ptext11                    text11       000D02
__ptext12                    text12       0009B4
__ptext13                    text13       0002CE
__ptext14                    text14       0000A6
__ptext15                    text15       0008AE
__ptext2                     text2        000DE8
__ptext3                     text3        000E08
__ptext4                     text4        00079E
__ptext5                     text5        000C06
__ptext6                     text6        000E48
__ptext7                     text7        000E28
__ptext8                     text8        000DAE
__ptext9                     text9        000C90
__ramtop                     ramtop       001000
__size_of_I2C_Init           (abs)        000000
__size_of_INT_to_ASCII       (abs)        000000
__size_of_Init               (abs)        000000
__size_of_Tempo              (abs)        000000
__size_of_UART               (abs)        000000
__size_of___awdiv            (abs)        000000
__size_of___awmod            (abs)        000000
__size_of___awtoft           (abs)        000000
__size_of___ftmul            (abs)        000000
__size_of___ftpack           (abs)        000000
__size_of___fttol            (abs)        000000
__size_of_clavier_appuyer    (abs)        000000
__size_of_clear_LCD          (abs)        000000
__size_of_get_Timer_Value    (abs)        000000
__size_of_home_LCD           (abs)        000000
__size_of_init_LCD           (abs)        000000
__size_of_main               (abs)        000000
__size_of_tx_data            (abs)        000000
__smallconst                 smallconst   000000
_buffer_ASCII                bssCOMRAM    000025
_char_recu                   bssCOMRAM    000035
_char_transmis               bssCOMRAM    000037
_clav_a_traiter              bssCOMRAM    000039
_clavier_a_traiter           bssCOMRAM    00003B
_clavier_appuyer             intcode      000008
_clear_LCD                   text3        000E08
_data1                       bssCOMRAM    00003F
_get_Timer_Value             text9        000C90
_home_LCD                    text2        000DE8
_init_LCD                    text4        00079E
_main                        text0        0004B2
_rx_data                     (abs)        000000
_tx_data                     text7        000E28
_val_clavier                 bssCOMRAM    000040
_valeur_test                 bssCOMRAM    00003D
end_of_initialization        cinit        000DA8
get_Timer_Value@timer_value  cstackBANK0  000062
get_Timer_Value@timer_valueL cstackBANK0  000060
int_func                     intcode_body 000B62
intlevel0                    text         000000
intlevel1                    text         000000
intlevel2                    text         000000
intlevel3                    text         000000
start                        init         0000A2
start_initialization         cinit        000D70
tx_data@data                 cstackBANK0  000060


FUNCTION INFORMATION:

 *************** function _main *****************
 Defined at:
		line 13 in file "main.c"
 Parameters:    Size  Location     Type
		None
 Auto vars:     Size  Location     Type
  UART_Buffer     6    0        int [3]
  data_test       1    0        unsigned char 
 Return value:  Size  Location     Type
		None               void
 Registers used:
		wreg, fsr2l, fsr2h, status,2, status,0, tblptrl, tblptrh, tblptru, cstack
 Tracked objects:
		On entry : 
		On exit  : 
		Unchanged: 
 Data sizes:     COMRAM   BANK0   BANK1   BANK2   BANK3   BANK4   BANK5   BANK6   BANK7   BANK8   BANK9  BANK10  BANK11  BANK12  BANK13  BANK14  BANK15
      Params:         0       0       0       0       0       0       0       0       0       0       0       0       0       0       0       0       0
      Locals:         0       0       0       0       0       0       0       0       0       0       0       0       0       0       0       0       0
      Temps:          0       1       0       0       0       0       0       0       0       0       0       0       0       0       0       0       0
      Totals:         0       1       0       0       0       0       0       0       0       0       0       0       0       0       0       0       0
Total ram usage:        1 bytes
 Hardware stack levels required when called:    4
 This function calls:
		_Init
		_init_LCD
		_I2C_Init
		_tx_data
		_clear_LCD
		_home_LCD
		_get_Timer_Value
		_INT_to_ASCII
		___awtoft
		___ftmul
		___fttol
		_Tempo
 This function is called by:
		Startup code after reset
 This function uses a non-reentrant model


 *************** function _INT_to_ASCII *****************
 Defined at:
		line 52 in file "LCD.c"
 Parameters:    Size  Location     Type
  valeur_a_con    2    4[BANK0 ] int 
 Auto vars:     Size  Location     Type
  i               2   10[BANK0 ] int 
  i               2    8[BANK0 ] int 
 Return value:  Size  Location     Type
		None               void
 Registers used:
		wreg, fsr2l, fsr2h, status,2, status,0, tblptrl, tblptrh, tblptru, cstack
 Tracked objects:
		On entry : 
		On exit  : 
		Unchanged: 
 Data sizes:     COMRAM   BANK0   BANK1   BANK2   BANK3   BANK4   BANK5   BANK6   BANK7   BANK8   BANK9  BANK10  BANK11  BANK12  BANK13  BANK14  BANK15
      Params:         0       2       0       0       0       0       0       0       0       0       0       0       0       0       0       0       0
      Locals:         0       4       0       0       0       0       0       0       0       0       0       0       0       0       0       0       0
      Temps:          0       2       0       0       0       0       0       0       0       0       0       0       0       0       0       0       0
      Totals:         0       8       0       0       0       0       0       0       0       0       0       0       0       0       0       0       0
Total ram usage:        8 bytes
 Hardware stack levels used:    1
 Hardware stack levels required when called:    3
 This function calls:
		___awmod
		___awdiv
 This function is called by:
		_main
 This function uses a non-reentrant model


 *************** function _home_LCD *****************
 Defined at:
		line 32 in file "LCD.c"
 Parameters:    Size  Location     Type
		None
 Auto vars:     Size  Location     Type
		None
 Return value:  Size  Location     Type
		None               void
 Registers used:
		wreg, status,2, status,0, tblptrl, tblptrh, tblptru, cstack
 Tracked objects:
		On entry : 
		On exit  : 
		Unchanged: 
 Data sizes:     COMRAM   BANK0   BANK1   BANK2   BANK3   BANK4   BANK5   BANK6   BANK7   BANK8   BANK9  BANK10  BANK11  BANK12  BANK13  BANK14  BANK15
      Params:         0       0       0       0       0       0       0       0       0       0       0       0       0       0       0       0       0
      Locals:         0       0       0       0       0       0       0       0       0       0       0       0       0       0       0       0       0
      Temps:          0       0       0       0       0       0       0       0       0       0       0       0       0       0       0       0       0
      Totals:         0       0       0       0       0       0       0       0       0       0       0       0       0       0       0       0       0
Total ram usage:        0 bytes
 Hardware stack levels used:    1
 Hardware stack levels required when called:    3
 This function calls:
		_Tempo
 This function is called by:
		_main
 This function uses a non-reentrant model


 *************** function _clear_LCD *****************
 Defined at:
		line 27 in file "LCD.c"
 Parameters:    Size  Location     Type
		None
 Auto vars:     Size  Location     Type
		None
 Return value:  Size  Location     Type
		None               void
 Registers used:
		wreg, status,2, status,0, tblptrl, tblptrh, tblptru, cstack
 Tracked objects:
		On entry : 
		On exit  : 
		Unchanged: 
 Data sizes:     COMRAM   BANK0   BANK1   BANK2   BANK3   BANK4   BANK5   BANK6   BANK7   BANK8   BANK9  BANK10  BANK11  BANK12  BANK13  BANK14  BANK15
      Params:         0       0       0       0       0       0       0       0       0       0       0       0       0       0       0       0       0
      Locals:         0       0       0       0       0       0       0       0       0       0       0       0       0       0       0       0       0
      Temps:          0       0       0       0       0       0       0       0       0       0       0       0       0       0       0       0       0
      Totals:         0       0       0       0       0       0       0       0       0       0       0       0       0       0       0       0       0
Total ram usage:        0 bytes
 Hardware stack levels used:    1
 Hardware stack levels required when called:    3
 This function calls:
		_Tempo
 This function is called by:
		_main
 This function uses a non-reentrant model


 *************** function _init_LCD *****************
 Defined at:
		line 6 in file "LCD.c"
 Parameters:    Size  Location     Type
		None
 Auto vars:     Size  Location     Type
		None
 Return value:  Size  Location     Type
		None               void
 Registers used:
		wreg, status,2, status,0, tblptrl, tblptrh, tblptru, cstack
 Tracked objects:
		On entry : 
		On exit  : 
		Unchanged: 
 Data sizes:     COMRAM   BANK0   BANK1   BANK2   BANK3   BANK4   BANK5   BANK6   BANK7   BANK8   BANK9  BANK10  BANK11  BANK12  BANK13  BANK14  BANK15
      Params:         0       0       0       0       0       0       0       0       0       0       0       0       0       0       0       0       0
      Locals:         0       0       0       0       0       0       0       0       0       0       0       0       0       0       0       0       0
      Temps:          0       0       0       0       0       0       0       0       0       0       0       0       0       0       0       0       0
      Totals:         0       0       0       0       0       0       0       0       0       0       0       0       0       0       0       0       0
Total ram usage:        0 bytes
 Hardware stack levels used:    1
 Hardware stack levels required when called:    3
 This function calls:
		_Tempo
 This function is called by:
		_main
 This function uses a non-reentrant model


 *************** function _Init *****************
 Defined at:
		line 5 in file "user.c"
 Parameters:    Size  Location     Type
		None
 Auto vars:     Size  Location     Type
		None
 Return value:  Size  Location     Type
		None               void
 Registers used:
		wreg, status,2
 Tracked objects:
		On entry : 
		On exit  : 
		Unchanged: 
 Data sizes:     COMRAM   BANK0   BANK1   BANK2   BANK3   BANK4   BANK5   BANK6   BANK7   BANK8   BANK9  BANK10  BANK11  BANK12  BANK13  BANK14  BANK15
      Params:         0       0       0       0       0       0       0       0       0       0       0       0       0       0       0       0       0
      Locals:         0       0       0       0       0       0       0       0       0       0       0       0       0       0       0       0       0
      Temps:          0       0       0       0       0       0       0       0       0       0       0       0       0       0       0       0       0
      Totals:         0       0       0       0       0       0       0       0       0       0       0       0       0       0       0       0       0
Total ram usage:        0 bytes
 Hardware stack levels used:    1
 Hardware stack levels required when called:    2
 This function calls:
		Nothing
 This function is called by:
		_main
 This function uses a non-reentrant model


 *************** function _I2C_Init *****************
 Defined at:
		line 5 in file "I2C.c"
 Parameters:    Size  Location     Type
		None
 Auto vars:     Size  Location     Type
		None
 Return value:  Size  Location     Type
		None               void
 Registers used:
		wreg, status,2
 Tracked objects:
		On entry : 
		On exit  : 
		Unchanged: 
 Data sizes:     COMRAM   BANK0   BANK1   BANK2   BANK3   BANK4   BANK5   BANK6   BANK7   BANK8   BANK9  BANK10  BANK11  BANK12  BANK13  BANK14  BANK15
      Params:         0       0       0       0       0       0       0       0       0       0       0       0       0       0       0       0       0
      Locals:         0       0       0       0       0       0       0       0       0       0       0       0       0       0       0       0       0
      Temps:          0       0       0       0       0       0       0       0       0       0       0       0       0       0       0       0       0
      Totals:         0       0       0       0       0       0       0       0       0       0       0       0       0       0       0       0       0
Total ram usage:        0 bytes
 Hardware stack levels used:    1
 Hardware stack levels required when called:    2
 This function calls:
		Nothing
 This function is called by:
		_main
 This function uses a non-reentrant model


 *************** function _tx_data *****************
 Defined at:
		line 6 in file "EUSART.c"
 Parameters:    Size  Location     Type
  data            1    0[BANK0 ] unsigned char 
 Auto vars:     Size  Location     Type
		None
 Return value:  Size  Location     Type
		None               void
 Registers used:
		wreg, status,2, status,0, cstack
 Tracked objects:
		On entry : 
		On exit  : 
		Unchanged: 
 Data sizes:     COMRAM   BANK0   BANK1   BANK2   BANK3   BANK4   BANK5   BANK6   BANK7   BANK8   BANK9  BANK10  BANK11  BANK12  BANK13  BANK14  BANK15
      Params:         0       1       0       0       0       0       0       0       0       0       0       0       0       0       0       0       0
      Locals:         0       0       0       0       0       0       0       0       0       0       0       0       0       0       0       0       0
      Temps:          0       0       0       0       0       0       0       0       0       0       0       0       0       0       0       0       0
      Totals:         0       1       0       0       0       0       0       0       0       0       0       0       0       0       0       0       0
Total ram usage:        1 bytes
 Hardware stack levels used:    1
 Hardware stack levels required when called:    3
 This function calls:
		_Tempo
 This function is called by:
		_main
		_tx_chaine
		_tx_int
 This function uses a non-reentrant model


 *************** function _Tempo *****************
 Defined at:
		line 78 in file "user.c"
 Parameters:    Size  Location     Type
  val             2   31[COMRAM] int 
 Auto vars:     Size  Location     Type
  i               2   34[COMRAM] int 
 Return value:  Size  Location     Type
		None               void
 Registers used:
		wreg, status,2, status,0
 Tracked objects:
		On entry : 
		On exit  : 
		Unchanged: 
 Data sizes:     COMRAM   BANK0   BANK1   BANK2   BANK3   BANK4   BANK5   BANK6   BANK7   BANK8   BANK9  BANK10  BANK11  BANK12  BANK13  BANK14  BANK15
      Params:         2       0       0       0       0       0       0       0       0       0       0       0       0       0       0       0       0
      Locals:         2       0       0       0       0       0       0       0       0       0       0       0       0       0       0       0       0
      Temps:          1       0       0       0       0       0       0       0       0       0       0       0       0       0       0       0       0
      Totals:         5       0       0       0       0       0       0       0       0       0       0       0       0       0       0       0       0
Total ram usage:        5 bytes
 Hardware stack levels used:    1
 Hardware stack levels required when called:    2
 This function calls:
		Nothing
 This function is called by:
		_init_LCD
		_clear_LCD
		_home_LCD
		_main
		_tx_data
		_shift_cursor_right
		_shift_cursor_left
		_set_cursor_pos
		_rx_data
 This function uses a non-reentrant model


 *************** function _get_Timer_Value *****************
 Defined at:
		line 5 in file "Timer.c"
 Parameters:    Size  Location     Type
		None
 Auto vars:     Size  Location     Type
  timer_value     2    2[BANK0 ] int 
  timer_valueL    2    0[BANK0 ] int 
 Return value:  Size  Location     Type
                  2   31[COMRAM] int 
 Registers used:
		wreg, status,2, status,0
 Tracked objects:
		On entry : 
		On exit  : 
		Unchanged: 
 Data sizes:     COMRAM   BANK0   BANK1   BANK2   BANK3   BANK4   BANK5   BANK6   BANK7   BANK8   BANK9  BANK10  BANK11  BANK12  BANK13  BANK14  BANK15
      Params:         2       0       0       0       0       0       0       0       0       0       0       0       0       0       0       0       0
      Locals:         0       4       0       0       0       0       0       0       0       0       0       0       0       0       0       0       0
      Temps:          0       0       0       0       0       0       0       0       0       0       0       0       0       0       0       0       0
      Totals:         2       4       0       0       0       0       0       0       0       0       0       0       0       0       0       0       0
Total ram usage:        6 bytes
 Hardware stack levels used:    1
 Hardware stack levels required when called:    2
 This function calls:
		Nothing
 This function is called by:
		_main
 This function uses a non-reentrant model


 *************** function ___awmod *****************
 Defined at:
		line 10 in file "C:\Program Files (x86)\Microchip\xc8\v1.12\sources\awmod.c"
 Parameters:    Size  Location     Type
  dividend        2   31[COMRAM] int 
  divisor         2   33[COMRAM] int 
 Auto vars:     Size  Location     Type
  sign            1    1[BANK0 ] unsigned char 
  counter         1    0[BANK0 ] unsigned char 
 Return value:  Size  Location     Type
                  2   31[COMRAM] int 
 Registers used:
		wreg, status,2, status,0
 Tracked objects:
		On entry : 
		On exit  : 
		Unchanged: 
 Data sizes:     COMRAM   BANK0   BANK1   BANK2   BANK3   BANK4   BANK5   BANK6   BANK7   BANK8   BANK9  BANK10  BANK11  BANK12  BANK13  BANK14  BANK15
      Params:         4       0       0       0       0       0       0       0       0       0       0       0       0       0       0       0       0
      Locals:         0       2       0       0       0       0       0       0       0       0       0       0       0       0       0       0       0
      Temps:          1       0       0       0       0       0       0       0       0       0       0       0       0       0       0       0       0
      Totals:         5       2       0       0       0       0       0       0       0       0       0       0       0       0       0       0       0
Total ram usage:        7 bytes
 Hardware stack levels used:    1
 Hardware stack levels required when called:    2
 This function calls:
		Nothing
 This function is called by:
		_INT_to_ASCII
		_tx_int
 This function uses a non-reentrant model


 *************** function ___awtoft *****************
 Defined at:
		line 33 in file "C:\Program Files (x86)\Microchip\xc8\v1.12\sources\awtoft.c"
 Parameters:    Size  Location     Type
  c               2    4[BANK0 ] int 
 Auto vars:     Size  Location     Type
  sign            1    8[BANK0 ] unsigned char 
 Return value:  Size  Location     Type
                  3    4[BANK0 ] float 
 Registers used:
		wreg, status,2, status,0, cstack
 Tracked objects:
		On entry : 
		On exit  : 
		Unchanged: 
 Data sizes:     COMRAM   BANK0   BANK1   BANK2   BANK3   BANK4   BANK5   BANK6   BANK7   BANK8   BANK9  BANK10  BANK11  BANK12  BANK13  BANK14  BANK15
      Params:         0       3       0       0       0       0       0       0       0       0       0       0       0       0       0       0       0
      Locals:         0       1       0       0       0       0       0       0       0       0       0       0       0       0       0       0       0
      Temps:          0       1       0       0       0       0       0       0       0       0       0       0       0       0       0       0       0
      Totals:         0       5       0       0       0       0       0       0       0       0       0       0       0       0       0       0       0
Total ram usage:        5 bytes
 Hardware stack levels used:    1
 Hardware stack levels required when called:    3
 This function calls:
		___ftpack
 This function is called by:
		_main
 This function uses a non-reentrant model


 *************** function ___awdiv *****************
 Defined at:
		line 10 in file "C:\Program Files (x86)\Microchip\xc8\v1.12\sources\awdiv.c"
 Parameters:    Size  Location     Type
  dividend        2   31[COMRAM] int 
  divisor         2   33[COMRAM] int 
 Auto vars:     Size  Location     Type
  quotient        2    2[BANK0 ] int 
  sign            1    1[BANK0 ] unsigned char 
  counter         1    0[BANK0 ] unsigned char 
 Return value:  Size  Location     Type
                  2   31[COMRAM] int 
 Registers used:
		wreg, status,2, status,0
 Tracked objects:
		On entry : 
		On exit  : 
		Unchanged: 
 Data sizes:     COMRAM   BANK0   BANK1   BANK2   BANK3   BANK4   BANK5   BANK6   BANK7   BANK8   BANK9  BANK10  BANK11  BANK12  BANK13  BANK14  BANK15
      Params:         4       0       0       0       0       0       0       0       0       0       0       0       0       0       0       0       0
      Locals:         0       4       0       0       0       0       0       0       0       0       0       0       0       0       0       0       0
      Temps:          1       0       0       0       0       0       0       0       0       0       0       0       0       0       0       0       0
      Totals:         5       4       0       0       0       0       0       0       0       0       0       0       0       0       0       0       0
Total ram usage:        9 bytes
 Hardware stack levels used:    1
 Hardware stack levels required when called:    2
 This function calls:
		Nothing
 This function is called by:
		_INT_to_ASCII
		_tx_int
 This function uses a non-reentrant model


 *************** function ___fttol *****************
 Defined at:
		line 45 in file "C:\Program Files (x86)\Microchip\xc8\v1.12\sources\fttol.c"
 Parameters:    Size  Location     Type
  f1              3   26[BANK0 ] float 
 Auto vars:     Size  Location     Type
  lval            4   36[BANK0 ] unsigned long 
  exp1            1   40[BANK0 ] unsigned char 
  sign1           1   35[BANK0 ] unsigned char 
 Return value:  Size  Location     Type
                  4   26[BANK0 ] long 
 Registers used:
		wreg, status,2, status,0
 Tracked objects:
		On entry : 
		On exit  : 
		Unchanged: 
 Data sizes:     COMRAM   BANK0   BANK1   BANK2   BANK3   BANK4   BANK5   BANK6   BANK7   BANK8   BANK9  BANK10  BANK11  BANK12  BANK13  BANK14  BANK15
      Params:         0       4       0       0       0       0       0       0       0       0       0       0       0       0       0       0       0
      Locals:         0       6       0       0       0       0       0       0       0       0       0       0       0       0       0       0       0
      Temps:          0       5       0       0       0       0       0       0       0       0       0       0       0       0       0       0       0
      Totals:         0      15       0       0       0       0       0       0       0       0       0       0       0       0       0       0       0
Total ram usage:       15 bytes
 Hardware stack levels used:    1
 Hardware stack levels required when called:    2
 This function calls:
		Nothing
 This function is called by:
		_main
 This function uses a non-reentrant model


 *************** function ___ftmul *****************
 Defined at:
		line 52 in file "C:\Program Files (x86)\Microchip\xc8\v1.12\sources\ftmul.c"
 Parameters:    Size  Location     Type
  f1              3    9[BANK0 ] float 
  f2              3   12[BANK0 ] float 
 Auto vars:     Size  Location     Type
  f3_as_produc    3   21[BANK0 ] unsigned um
  sign            1   25[BANK0 ] unsigned char 
  cntr            1   24[BANK0 ] unsigned char 
  exp             1   20[BANK0 ] unsigned char 
 Return value:  Size  Location     Type
                  3    9[BANK0 ] float 
 Registers used:
		wreg, status,2, status,0, cstack
 Tracked objects:
		On entry : 
		On exit  : 
		Unchanged: 
 Data sizes:     COMRAM   BANK0   BANK1   BANK2   BANK3   BANK4   BANK5   BANK6   BANK7   BANK8   BANK9  BANK10  BANK11  BANK12  BANK13  BANK14  BANK15
      Params:         0       6       0       0       0       0       0       0       0       0       0       0       0       0       0       0       0
      Locals:         0       6       0       0       0       0       0       0       0       0       0       0       0       0       0       0       0
      Temps:          0       5       0       0       0       0       0       0       0       0       0       0       0       0       0       0       0
      Totals:         0      17       0       0       0       0       0       0       0       0       0       0       0       0       0       0       0
Total ram usage:       17 bytes
 Hardware stack levels used:    1
 Hardware stack levels required when called:    3
 This function calls:
		___ftpack
 This function is called by:
		_main
 This function uses a non-reentrant model


 *************** function ___ftpack *****************
 Defined at:
		line 63 in file "C:\Program Files (x86)\Microchip\xc8\v1.12\sources\float.c"
 Parameters:    Size  Location     Type
  arg             3   31[COMRAM] unsigned um
  exp             1   34[COMRAM] unsigned char 
  sign            1   35[COMRAM] unsigned char 
 Auto vars:     Size  Location     Type
		None
 Return value:  Size  Location     Type
                  3   31[COMRAM] float 
 Registers used:
		wreg, status,2, status,0
 Tracked objects:
		On entry : 
		On exit  : 
		Unchanged: 
 Data sizes:     COMRAM   BANK0   BANK1   BANK2   BANK3   BANK4   BANK5   BANK6   BANK7   BANK8   BANK9  BANK10  BANK11  BANK12  BANK13  BANK14  BANK15
      Params:         5       0       0       0       0       0       0       0       0       0       0       0       0       0       0       0       0
      Locals:         0       0       0       0       0       0       0       0       0       0       0       0       0       0       0       0       0
      Temps:          0       3       0       0       0       0       0       0       0       0       0       0       0       0       0       0       0
      Totals:         5       3       0       0       0       0       0       0       0       0       0       0       0       0       0       0       0
Total ram usage:        8 bytes
 Hardware stack levels used:    1
 Hardware stack levels required when called:    2
 This function calls:
		Nothing
 This function is called by:
		___awtoft
		___ftmul
 This function uses a non-reentrant model


 *************** function _UART *****************
 Defined at:
		line 25 in file "Interrupt.c"
 Parameters:    Size  Location     Type
		None
 Auto vars:     Size  Location     Type
		None
 Return value:  Size  Location     Type
		None               void
 Registers used:
		None
 Tracked objects:
		On entry : 
		On exit  : 
		Unchanged: 
 Data sizes:     COMRAM   BANK0   BANK1   BANK2   BANK3   BANK4   BANK5   BANK6   BANK7   BANK8   BANK9  BANK10  BANK11  BANK12  BANK13  BANK14  BANK15
      Params:         0       0       0       0       0       0       0       0       0       0       0       0       0       0       0       0       0
      Locals:         0       0       0       0       0       0       0       0       0       0       0       0       0       0       0       0       0
      Temps:         17       0       0       0       0       0       0       0       0       0       0       0       0       0       0       0       0
      Totals:        17       0       0       0       0       0       0       0       0       0       0       0       0       0       0       0       0
Total ram usage:       17 bytes
 Hardware stack levels used:    1
 Hardware stack levels required when called:    1
 This function calls:
		Nothing
 This function is called by:
		Interrupt level 1
 This function uses a non-reentrant model


 *************** function _clavier_appuyer *****************
 Defined at:
		line 7 in file "Interrupt.c"
 Parameters:    Size  Location     Type
		None
 Auto vars:     Size  Location     Type
		None
 Return value:  Size  Location     Type
		None               void
 Registers used:
		wreg, status,2
 Tracked objects:
		On entry : 
		On exit  : 
		Unchanged: 
 Data sizes:     COMRAM   BANK0   BANK1   BANK2   BANK3   BANK4   BANK5   BANK6   BANK7   BANK8   BANK9  BANK10  BANK11  BANK12  BANK13  BANK14  BANK15
      Params:         0       0       0       0       0       0       0       0       0       0       0       0       0       0       0       0       0
      Locals:         0       0       0       0       0       0       0       0       0       0       0       0       0       0       0       0       0
      Temps:         14       0       0       0       0       0       0       0       0       0       0       0       0       0       0       0       0
      Totals:        14       0       0       0       0       0       0       0       0       0       0       0       0       0       0       0       0
Total ram usage:       14 bytes
 Hardware stack levels used:    1
 This function calls:
		Nothing
 This function is called by:
		Interrupt level 2
 This function uses a non-reentrant model



MODULE INFORMATION

Module		Function		Class		Link	Load	Size
C:\Program Files (x86)\Microchip\xc8\v1.12\sources\awtoft.c
		___awtoft      		CODE           	0D02	0000	110

C:\Program Files (x86)\Microchip\xc8\v1.12\sources\awtoft.c estimated size: 110

shared
		__initializatio		CODE           	0D70	0000	56

shared estimated size: 56

C:\Program Files (x86)\Microchip\xc8\v1.12\sources\ftmul.c
		___ftmul       		CODE           	00A6	0000	552

C:\Program Files (x86)\Microchip\xc8\v1.12\sources\ftmul.c estimated size: 552

C:\Program Files (x86)\Microchip\xc8\v1.12\sources\fttol.c
		___fttol       		CODE           	02CE	0000	484

C:\Program Files (x86)\Microchip\xc8\v1.12\sources\fttol.c estimated size: 484

main.c
		_main          		CODE           	04B2	0000	430

main.c estimated size: 430

EUSART.c
		_tx_data       		CODE           	0E28	0000	32

EUSART.c estimated size: 32

C:\Program Files (x86)\Microchip\xc8\v1.12\sources\awmod.c
		___awmod       		CODE           	0AA2	0000	192

C:\Program Files (x86)\Microchip\xc8\v1.12\sources\awmod.c estimated size: 192

Interrupt.c
		_UART          		CODE           	0018	0000	138
		_clavier_appuye		CODE           	0008	0000	3070

Interrupt.c estimated size: 3208

C:\Program Files (x86)\Microchip\xc8\v1.12\sources\awdiv.c
		___awdiv       		CODE           	09B4	0000	238

C:\Program Files (x86)\Microchip\xc8\v1.12\sources\awdiv.c estimated size: 238

user.c
		_Tempo         		CODE           	0DAE	0000	58
		_Init          		CODE           	0C06	0000	138

user.c estimated size: 196

C:\Program Files (x86)\Microchip\xc8\v1.12\sources\float.c
		___ftpack      		CODE           	08AE	0000	262

C:\Program Files (x86)\Microchip\xc8\v1.12\sources\float.c estimated size: 262

LCD.c
		_home_LCD      		CODE           	0DE8	0000	32
		_init_LCD      		CODE           	079E	0000	272
		_clear_LCD     		CODE           	0E08	0000	32
		_INT_to_ASCII  		CODE           	0660	0000	318

LCD.c estimated size: 654

I2C.c
		_I2C_Init      		CODE           	0E48	0000	28

I2C.c estimated size: 28

Timer.c
		_get_Timer_Valu		CODE           	0C90	0000	114

Timer.c estimated size: 114

