Microchip MPLAB XC8 Compiler V1.12 ()

Linker command line:

-W-3 --edf=C:\Program Files (x86)\Microchip\xc8\v1.12\dat\en_msgs.txt -cs \
  -h+dist/default/production\TP2_V2.X.production.sym -z -Q18F87K22 -ol.obj \
  -Mdist/default/production/TP2_V2.X.production.map -E1 -ver=XC8 \
  -ACODE=00h-01FFFFh -ACONST=00h-01FFFFh -ASMALLCONST=01000h-010FFhx496 \
  -AMEDIUMCONST=01000h-0FFFFh,011000h-01FFFFh -AFARRAM=020000h-01FFFFFh \
  -ACOMRAM=01h-05Fh -AABS1=00h-0F15h -ABIGRAM=01h-0F15h \
  -ARAM=060h-0FFh,0100h-01FFhx14,0F00h-0F15h -ABANK0=060h-0FFh \
  -ABANK1=0100h-01FFh -ABANK2=0200h-02FFh -ABANK3=0300h-03FFh \
  -ABANK4=0400h-04FFh -ABANK5=0500h-05FFh -ABANK6=0600h-06FFh \
  -ABANK7=0700h-07FFh -ABANK8=0800h-08FFh -ABANK9=0900h-09FFh \
  -ABANK10=0A00h-0AFFh -ABANK11=0B00h-0BFFh -ABANK12=0C00h-0CFFh \
  -ABANK13=0D00h-0DFFh -ABANK14=0E00h-0EFFh -ABANK15=0F00h-0F15h \
  -ASFR=0F16h-0F5Fh,0F60h-0FFFh \
  -preset_vec=00h,intcode=08h,intcodelo=018h,powerup,init,end_init \
  -pramtop=01000h -psmallconst=SMALLCONST -pmediumconst=MEDIUMCONST \
  -pconst=CONST -AFARRAM=020000h-01FFFFFh -ACONFIG=0300000h-030000Dh \
  -pconfig=CONFIG -AIDLOC=0200000h-0200007h -pidloc=IDLOC \
  -AEEDATA=0F00000h-0F003FFh -peeprom_data=EEDATA \
  -prdata=COMRAM,nvrram=COMRAM,nvbit=COMRAM,rbss=COMRAM,rbit=COMRAM \
  -pfarbss=FARRAM,fardata=FARRAM \
  -pintsave_regs=BIGRAM,bigbss=BIGRAM,bigdata=BIGRAM -pbss=RAM \
  -pidata=CODE,irdata=CODE,ibigdata=CODE,ifardata=CODE \
  C:\Users\Bastien\AppData\Local\Temp\sr24.obj \
  dist/default/production\TP2_V2.X.production.obj 

Object code version is 3.10

Machine type is 18F87K22

Call graph: (short form)




                Name                               Link     Load   Length Selector   Space Scale
C:\Users\Bastien\AppData\Local\Temp\sr24.obj
                end_init                             A2       A2        4        C       0
                reset_vec                             0        0        4        0       0
                idloc                            200000   200000        8   200000       0
                config                           300000   300000        E   300000       0
dist/default/production\TP2_V2.X.production.obj
                intcodelo                            18       18       8A        C       0
                intcode                               8        8       10        4       0
                intcode_body                        1B6      1B6       A2        C       0
                text8                               44E      44E       16        C       0
                text7                               432      432       1C        C       0
                text6                               36A      36A       3A        C       0
                text5                               416      416       1C        C       0
                text4                               2F0      2F0       7A        C       0
                text3                                A6       A6      110        C       0
                text2                               3F6      3F6       20        C       0
                text1                               3D6      3D6       20        C       0
                text0                               258      258       98        C       0
                cstackCOMRAM                         2F       2F       26        1       1
                dataBANK0                            60       60       14       60       1
                bssCOMRAM                             1        1       2E        1       1
                cinit                               3A4      3A4       32        C       0
                idataBANK0                          464      464       14        C       0

TOTAL           Name                               Link     Load   Length     Space
        CLASS   CODE           
                end_init                             A2       A2        4         0
                intcodelo                            18       18       8A         0
                intcode                               8        8       10         0
                reset_vec                             0        0        4         0
                intcode_body                        1B6      1B6       A2         0
                text8                               44E      44E       16         0
                text7                               432      432       1C         0
                text6                               36A      36A       3A         0
                text5                               416      416       1C         0
                text4                               2F0      2F0       7A         0
                text3                                A6       A6      110         0
                text2                               3F6      3F6       20         0
                text1                               3D6      3D6       20         0
                text0                               258      258       98         0
                cinit                               3A4      3A4       32         0
                idataBANK0                          464      464       14         0

        CLASS   CONST          

        CLASS   SMALLCONST     

        CLASS   MEDIUMCONST    

        CLASS   FARRAM         

        CLASS   COMRAM         
                cstackCOMRAM                         2F       2F       26         1
                bssCOMRAM                             1        1       2E         1

        CLASS   ABS1           

        CLASS   BIGRAM         

        CLASS   RAM            

        CLASS   BANK0          
                dataBANK0                            60       60       14         1

        CLASS   BANK1          

        CLASS   BANK2          

        CLASS   BANK3          

        CLASS   BANK4          

        CLASS   BANK5          

        CLASS   BANK6          

        CLASS   BANK7          

        CLASS   BANK8          

        CLASS   BANK9          

        CLASS   BANK10         

        CLASS   BANK11         

        CLASS   BANK12         

        CLASS   BANK13         

        CLASS   BANK14         

        CLASS   BANK15         

        CLASS   SFR            

        CLASS   CONFIG         
                config                           300000   300000        E         0

        CLASS   IDLOC          
                idloc                            200000   200000        8         0

        CLASS   EEDATA         



SEGMENTS        Name                           Load    Length   Top    Selector   Space  Class

                reset_vec                      000000  000004  000004         0       0  CODE    
                bssCOMRAM                      000001  000054  000055         1       1  COMRAM  
                intcode                        000008  000010  000018         4       0  CODE    
                intcodelo                      000018  000460  000478         C       0  CODE    
                dataBANK0                      000060  000014  000074        60       1  BANK0   
                idloc                          200000  000008  200008    200000       0  IDLOC   
                config                         300000  00000E  30000E    300000       0  CONFIG  


UNUSED ADDRESS RANGES

        Name                Unused          Largest block    Delta
        BANK0            000074-0000FF               8C
        BANK1            000100-0001FF              100
        BANK10           000A00-000AFF              100
        BANK11           000B00-000BFF              100
        BANK12           000C00-000CFF              100
        BANK13           000D00-000DFF              100
        BANK14           000E00-000EFF              100
        BANK15           000F00-000F15               16
        BANK2            000200-0002FF              100
        BANK3            000300-0003FF              100
        BANK4            000400-0004FF              100
        BANK5            000500-0005FF              100
        BANK6            000600-0006FF              100
        BANK7            000700-0007FF              100
        BANK8            000800-0008FF              100
        BANK9            000900-0009FF              100
        BIGRAM           000055-00005F                B
                         000074-000F15              EA2
        CODE             000004-000007                4
                         000478-01FFFF            1FB88
        COMRAM           000055-00005F                B
        CONST            000004-000007                4
                         000478-01FFFF            1FB88
        EEDATA           F00000-F003FF              400
        FARRAM           020000-1FFFFF           1E0000
        MEDIUMCONST      001000-00FFFF             F000
                         011000-01FFFF             F000
        RAM              000074-000F15              100
        SFR              000F16-000FFF               4A
        SMALLCONST       001000-01FFFF              100

                                  Symbol Table

?_Tempo                   cstackCOMRAM 00004E
?_tx_data                 cstackCOMRAM 000053
Tempo@i                   cstackCOMRAM 000051
Tempo@val                 cstackCOMRAM 00004E
_ADCON0bits               (abs)        000FC2
_ADCON1bits               (abs)        000FC1
_ADCON2bits               (abs)        000FC0
_ADRESH                   (abs)        000FC4
_ADRESL                   (abs)        000FC3
_ANCON0                   (abs)        000F25
_ANCON0bits               (abs)        000F25
_ANCON1                   (abs)        000F24
_ANCON2                   (abs)        000F23
_CLAVIER                  (abs)        180000
_I2C_Init                 text7        000432
_INTCON2bits              (abs)        000FF1
_INTCONbits               (abs)        000FF2
_Init                     text4        0002F0
_LCD_DATA                 (abs)        1A0002
_LCD_FUNC                 (abs)        1A0000
_MEMCON                   (abs)        000F26
_PIR1bits                 (abs)        000F9E
_PIR3bits                 (abs)        000FA4
_PORTD                    (abs)        000F83
_PORTE                    (abs)        000F84
_PORTH                    (abs)        000F87
_RCONbits                 (abs)        000FD0
_RCREG2                   (abs)        000F1D
_RCSTA2bits               (abs)        000F22
_RX_BUFFER                bssCOMRAM    000001
_RX_INDEX                 bssCOMRAM    00001F
_SPBRG2                   (abs)        000F1E
_SSP1ADD                  (abs)        000FC8
_SSP1BUF                  (abs)        000FC9
_SSP1CON1                 (abs)        000FC6
_SSP1CON1bits             (abs)        000FC6
_SSP1CON2                 (abs)        000FC5
_SSP1CON2bits             (abs)        000FC5
_SSP1STAT                 (abs)        000FC7
_TRISA                    (abs)        000F92
_TRISB                    (abs)        000F93
_TRISG                    (abs)        000F98
_TRISGbits                (abs)        000F98
_TXREG2                   (abs)        000F1C
_TXSTA2bits               (abs)        000F21
_TX_BUFFER                dataBANK0    000060
_TX_INDEX                 bssCOMRAM    000021
_Tempo                    text6        00036A
_UART                     intcodelo    000018
__CFG_ABW$XM20            (abs)        000000
__CFG_BBSIZ$BB1K          (abs)        000000
__CFG_BOREN$OFF           (abs)        000000
__CFG_BORPWR$ZPBORMV      (abs)        000000
__CFG_BORV$0              (abs)        000000
__CFG_BW$8                (abs)        000000
__CFG_CCP2MX$PORTC        (abs)        000000
__CFG_CP0$OFF             (abs)        000000
__CFG_CP1$OFF             (abs)        000000
__CFG_CP2$OFF             (abs)        000000
__CFG_CP3$OFF             (abs)        000000
__CFG_CP4$OFF             (abs)        000000
__CFG_CP5$OFF             (abs)        000000
__CFG_CP6$OFF             (abs)        000000
__CFG_CP7$OFF             (abs)        000000
__CFG_CPB$OFF             (abs)        000000
__CFG_CPD$OFF             (abs)        000000
__CFG_DEBUG$OFF           (abs)        000000
__CFG_EASHFT$OFF          (abs)        000000
__CFG_EBRT0$OFF           (abs)        000000
__CFG_EBRT1$OFF           (abs)        000000
__CFG_EBRT2$OFF           (abs)        000000
__CFG_EBRT3$OFF           (abs)        000000
__CFG_EBRT4$OFF           (abs)        000000
__CFG_EBRT5$OFF           (abs)        000000
__CFG_EBRT6$OFF           (abs)        000000
__CFG_EBRT7$OFF           (abs)        000000
__CFG_EBRTB$OFF           (abs)        000000
__CFG_ECCPMX$PORTE        (abs)        000000
__CFG_FCMEN$OFF           (abs)        000000
__CFG_FOSC$HS1            (abs)        000000
__CFG_IESO$OFF            (abs)        000000
__CFG_INTOSCSEL$HIGH      (abs)        000000
__CFG_MCLRE$ON            (abs)        000000
__CFG_MSSPMSK$MSK7        (abs)        000000
__CFG_PLLCFG$OFF          (abs)        000000
__CFG_PWRTEN$OFF          (abs)        000000
__CFG_RETEN$ON            (abs)        000000
__CFG_RTCOSC$SOSCREF      (abs)        000000
__CFG_SOSCSEL$HIGH        (abs)        000000
__CFG_STVREN$ON           (abs)        000000
__CFG_WAIT$ON             (abs)        000000
__CFG_WDTEN$OFF           (abs)        000000
__CFG_WDTPS$1             (abs)        000000
__CFG_WRT0$OFF            (abs)        000000
__CFG_WRT1$OFF            (abs)        000000
__CFG_WRT2$OFF            (abs)        000000
__CFG_WRT3$OFF            (abs)        000000
__CFG_WRT4$OFF            (abs)        000000
__CFG_WRT5$OFF            (abs)        000000
__CFG_WRT6$OFF            (abs)        000000
__CFG_WRT7$OFF            (abs)        000000
__CFG_WRTB$OFF            (abs)        000000
__CFG_WRTC$OFF            (abs)        000000
__CFG_WRTD$OFF            (abs)        000000
__CFG_XINST$OFF           (abs)        000000
__HRAM                    (abs)        000000
__Habs1                   abs1         000000
__Hbank0                  bank0        000000
__Hbank1                  bank1        000000
__Hbank10                 bank10       000000
__Hbank11                 bank11       000000
__Hbank12                 bank12       000000
__Hbank13                 bank13       000000
__Hbank14                 bank14       000000
__Hbank15                 bank15       000000
__Hbank2                  bank2        000000
__Hbank3                  bank3        000000
__Hbank4                  bank4        000000
__Hbank5                  bank5        000000
__Hbank6                  bank6        000000
__Hbank7                  bank7        000000
__Hbank8                  bank8        000000
__Hbank9                  bank9        000000
__Hbigbss                 bigbss       000000
__Hbigdata                bigdata      000000
__Hbigram                 bigram       000000
__Hbss                    bss          000000
__HbssCOMRAM              bssCOMRAM    000000
__Hcinit                  cinit        000000
__Hclrtext                clrtext      000000
__Hcomram                 comram       000000
__Hconfig                 config       30000E
__Hconst                  const        000000
__HcstackCOMRAM           cstackCOMRAM 000000
__Hdata                   data         000000
__HdataBANK0              dataBANK0    000000
__Heeprom_data            eeprom_data  000000
__Hend_init               end_init     0000A6
__Hfarbss                 farbss       000000
__Hfardata                fardata      000000
__Hibigdata               ibigdata     000000
__Hidata                  idata        000000
__HidataBANK0             idataBANK0   000000
__Hidloc                  idloc        200008
__Hifardata               ifardata     000000
__Hinit                   init         0000A2
__Hintcode                intcode      000018
__Hintcode_body           intcode_body 000000
__Hintcodelo              intcodelo    0000A2
__Hintentry               intentry     000000
__Hintret                 intret       000000
__Hintsave_regs           intsave_regs 000000
__Hirdata                 irdata       000000
__Hmediumconst            mediumconst  000000
__Hnvbit                  nvbit        000000
__Hnvrram                 nvrram       000000
__Hparam                  rparam       000000
__Hpowerup                powerup      0000A2
__Hram                    ram          000000
__Hramtop                 ramtop       001000
__Hrbit                   rbit         000000
__Hrbss                   rbss         000000
__Hrdata                  rdata        000000
__Hreset_vec              reset_vec    000004
__Hrparam                 rparam       000000
__Hsfr                    sfr          000000
__Hsmallconst             smallconst   000000
__Hstruct                 struct       000000
__Htemp                   temp         000000
__Htext                   text         000000
__Htext0                  text0        000000
__Htext1                  text1        000000
__Htext2                  text2        000000
__Htext3                  text3        000000
__Htext4                  text4        000000
__Htext5                  text5        000000
__Htext6                  text6        000000
__Htext7                  text7        000000
__Htext8                  text8        000000
__LRAM                    (abs)        000001
__Labs1                   abs1         000000
__Lbank0                  bank0        000000
__Lbank1                  bank1        000000
__Lbank10                 bank10       000000
__Lbank11                 bank11       000000
__Lbank12                 bank12       000000
__Lbank13                 bank13       000000
__Lbank14                 bank14       000000
__Lbank15                 bank15       000000
__Lbank2                  bank2        000000
__Lbank3                  bank3        000000
__Lbank4                  bank4        000000
__Lbank5                  bank5        000000
__Lbank6                  bank6        000000
__Lbank7                  bank7        000000
__Lbank8                  bank8        000000
__Lbank9                  bank9        000000
__Lbigbss                 bigbss       000000
__Lbigdata                bigdata      000000
__Lbigram                 bigram       000000
__Lbss                    bss          000000
__LbssCOMRAM              bssCOMRAM    000000
__Lcinit                  cinit        000000
__Lclrtext                clrtext      000000
__Lcomram                 comram       000000
__Lconfig                 config       300000
__Lconst                  const        000000
__LcstackCOMRAM           cstackCOMRAM 000000
__Ldata                   data         000000
__LdataBANK0              dataBANK0    000000
__Leeprom_data            eeprom_data  000000
__Lend_init               end_init     0000A2
__Lfarbss                 farbss       000000
__Lfardata                fardata      000000
__Libigdata               ibigdata     000000
__Lidata                  idata        000000
__LidataBANK0             idataBANK0   000000
__Lidloc                  idloc        200000
__Lifardata               ifardata     000000
__Linit                   init         0000A2
__Lintcode                intcode      000008
__Lintcode_body           intcode_body 000000
__Lintcodelo              intcodelo    000018
__Lintentry               intentry     000000
__Lintret                 intret       000000
__Lintsave_regs           intsave_regs 000000
__Lirdata                 irdata       000000
__Lmediumconst            mediumconst  000000
__Lnvbit                  nvbit        000000
__Lnvrram                 nvrram       000000
__Lparam                  rparam       000000
__Lpowerup                powerup      0000A2
__Lram                    ram          000000
__Lramtop                 ramtop       001000
__Lrbit                   rbit         000000
__Lrbss                   rbss         000000
__Lrdata                  rdata        000000
__Lreset_vec              reset_vec    000000
__Lrparam                 rparam       000000
__Lsfr                    sfr          000000
__Lsmallconst             smallconst   000000
__Lstruct                 struct       000000
__Ltemp                   temp         000000
__Ltext                   text         000000
__Ltext0                  text0        000000
__Ltext1                  text1        000000
__Ltext2                  text2        000000
__Ltext3                  text3        000000
__Ltext4                  text4        000000
__Ltext5                  text5        000000
__Ltext6                  text6        000000
__Ltext7                  text7        000000
__Ltext8                  text8        000000
__S0                      (abs)        30000E
__S1                      (abs)        000074
__accesstop               (abs)        000060
__activetblptr            (abs)        000003
__end_of_I2C_Init         text7        00044E
__end_of_Init             text4        00036A
__end_of_Tempo            text6        0003A4
__end_of_UART             intcodelo    0000A2
__end_of__initialization  cinit        0003D0
__end_of_clavier_appuyer  intcode_body 000258
__end_of_clear_LCD        text1        0003F6
__end_of_get_clav         text8        000464
__end_of_home_LCD         text2        000416
__end_of_init_LCD         text3        0001B6
__end_of_main             text0        0002F0
__end_of_tx_data          text5        000432
__initialization          cinit        0003A4
__mediumconst             mediumconst  000000
__pbssCOMRAM              bssCOMRAM    000001
__pcinit                  cinit        0003A4
__pcstackCOMRAM           cstackCOMRAM 00002F
__pdataBANK0              dataBANK0    000060
__pidataBANK0             idataBANK0   000464
__pintcode                intcode      000008
__pintcode_body           intcode_body 0001B6
__pintcodelo              intcodelo    000018
__ptext0                  text0        000258
__ptext1                  text1        0003D6
__ptext2                  text2        0003F6
__ptext3                  text3        0000A6
__ptext4                  text4        0002F0
__ptext5                  text5        000416
__ptext6                  text6        00036A
__ptext7                  text7        000432
__ptext8                  text8        00044E
__ramtop                  ramtop       001000
__size_of_I2C_Init        (abs)        000000
__size_of_Init            (abs)        000000
__size_of_Tempo           (abs)        000000
__size_of_UART            (abs)        000000
__size_of_clavier_appuyer (abs)        000000
__size_of_clear_LCD       (abs)        000000
__size_of_get_clav        (abs)        000000
__size_of_home_LCD        (abs)        000000
__size_of_init_LCD        (abs)        000000
__size_of_main            (abs)        000000
__size_of_tx_data         (abs)        000000
__smallconst              smallconst   000000
_buffer_ASCII             bssCOMRAM    000015
_char_recu                bssCOMRAM    000023
_char_transmis            bssCOMRAM    000025
_clav_a_traiter           bssCOMRAM    000027
_clavier_a_traiter        bssCOMRAM    000029
_clavier_appuyer          intcode      000008
_clear_LCD                text1        0003D6
_data1                    bssCOMRAM    00002D
_get_clav                 text8        00044E
_home_LCD                 text2        0003F6
_init_LCD                 text3        0000A6
_main                     text0        000258
_resultat_CAN             bssCOMRAM    00002B
_rx_data                  (abs)        000000
_tx_data                  text5        000416
_val_clavier              bssCOMRAM    00002E
end_of_initialization     cinit        0003D0
int_func                  intcode_body 0001B6
intlevel0                 text         000000
intlevel1                 text         000000
intlevel2                 text         000000
intlevel3                 text         000000
start                     init         0000A2
start_initialization      cinit        0003A4
tx_data@data              cstackCOMRAM 000053


FUNCTION INFORMATION:

 *************** function _main *****************
 Defined at:
		line 12 in file "main.c"
 Parameters:    Size  Location     Type
		None
 Auto vars:     Size  Location     Type
  data_test       1    0        unsigned char 
 Return value:  Size  Location     Type
		None               void
 Registers used:
		wreg, fsr0l, fsr0h, fsr1l, fsr1h, fsr2l, fsr2h, status,2, status,0, pclat, tosl, structret, tblptrl, tblptrh, tblptru, prodl, prodh, bsr, cstack
 Tracked objects:
		On entry : 
		On exit  : 
		Unchanged: 
 Data sizes:     COMRAM   BANK0   BANK1   BANK2   BANK3   BANK4   BANK5   BANK6   BANK7   BANK8   BANK9  BANK10  BANK11  BANK12  BANK13  BANK14  BANK15
      Params:         0       0       0       0       0       0       0       0       0       0       0       0       0       0       0       0       0
      Locals:         0       0       0       0       0       0       0       0       0       0       0       0       0       0       0       0       0
      Temps:          1       0       0       0       0       0       0       0       0       0       0       0       0       0       0       0       0
      Totals:         1       0       0       0       0       0       0       0       0       0       0       0       0       0       0       0       0
Total ram usage:        1 bytes
 Hardware stack levels required when called:    4
 This function calls:
		_Init
		_init_LCD
		_I2C_Init
		_get_clav
		_clear_LCD
		_home_LCD
		_tx_data
		_Tempo
 This function is called by:
		Startup code after reset
 This function uses a non-reentrant model


 *************** function _clear_LCD *****************
 Defined at:
		line 27 in file "LCD.c"
 Parameters:    Size  Location     Type
		None
 Auto vars:     Size  Location     Type
		None
 Return value:  Size  Location     Type
		None               void
 Registers used:
		wreg, status,2, status,0, tblptrl, tblptrh, tblptru, cstack
 Tracked objects:
		On entry : 
		On exit  : 
		Unchanged: 
 Data sizes:     COMRAM   BANK0   BANK1   BANK2   BANK3   BANK4   BANK5   BANK6   BANK7   BANK8   BANK9  BANK10  BANK11  BANK12  BANK13  BANK14  BANK15
      Params:         0       0       0       0       0       0       0       0       0       0       0       0       0       0       0       0       0
      Locals:         0       0       0       0       0       0       0       0       0       0       0       0       0       0       0       0       0
      Temps:          0       0       0       0       0       0       0       0       0       0       0       0       0       0       0       0       0
      Totals:         0       0       0       0       0       0       0       0       0       0       0       0       0       0       0       0       0
Total ram usage:        0 bytes
 Hardware stack levels used:    1
 Hardware stack levels required when called:    3
 This function calls:
		_Tempo
 This function is called by:
		_main
 This function uses a non-reentrant model


 *************** function _home_LCD *****************
 Defined at:
		line 32 in file "LCD.c"
 Parameters:    Size  Location     Type
		None
 Auto vars:     Size  Location     Type
		None
 Return value:  Size  Location     Type
		None               void
 Registers used:
		wreg, status,2, status,0, tblptrl, tblptrh, tblptru, cstack
 Tracked objects:
		On entry : 
		On exit  : 
		Unchanged: 
 Data sizes:     COMRAM   BANK0   BANK1   BANK2   BANK3   BANK4   BANK5   BANK6   BANK7   BANK8   BANK9  BANK10  BANK11  BANK12  BANK13  BANK14  BANK15
      Params:         0       0       0       0       0       0       0       0       0       0       0       0       0       0       0       0       0
      Locals:         0       0       0       0       0       0       0       0       0       0       0       0       0       0       0       0       0
      Temps:          0       0       0       0       0       0       0       0       0       0       0       0       0       0       0       0       0
      Totals:         0       0       0       0       0       0       0       0       0       0       0       0       0       0       0       0       0
Total ram usage:        0 bytes
 Hardware stack levels used:    1
 Hardware stack levels required when called:    3
 This function calls:
		_Tempo
 This function is called by:
		_main
 This function uses a non-reentrant model


 *************** function _init_LCD *****************
 Defined at:
		line 6 in file "LCD.c"
 Parameters:    Size  Location     Type
		None
 Auto vars:     Size  Location     Type
		None
 Return value:  Size  Location     Type
		None               void
 Registers used:
		wreg, fsr0l, fsr0h, fsr1l, fsr1h, fsr2l, fsr2h, status,2, status,0, pclat, tosl, structret, tblptrl, tblptrh, tblptru, prodl, prodh, bsr, cstack
 Tracked objects:
		On entry : 
		On exit  : 
		Unchanged: 
 Data sizes:     COMRAM   BANK0   BANK1   BANK2   BANK3   BANK4   BANK5   BANK6   BANK7   BANK8   BANK9  BANK10  BANK11  BANK12  BANK13  BANK14  BANK15
      Params:         0       0       0       0       0       0       0       0       0       0       0       0       0       0       0       0       0
      Locals:         0       0       0       0       0       0       0       0       0       0       0       0       0       0       0       0       0
      Temps:          0       0       0       0       0       0       0       0       0       0       0       0       0       0       0       0       0
      Totals:         0       0       0       0       0       0       0       0       0       0       0       0       0       0       0       0       0
Total ram usage:        0 bytes
 Hardware stack levels used:    1
 Hardware stack levels required when called:    3
 This function calls:
		_Tempo
 This function is called by:
		_main
 This function uses a non-reentrant model


 *************** function _Init *****************
 Defined at:
		line 5 in file "user.c"
 Parameters:    Size  Location     Type
		None
 Auto vars:     Size  Location     Type
		None
 Return value:  Size  Location     Type
		None               void
 Registers used:
		wreg, status,2
 Tracked objects:
		On entry : 
		On exit  : 
		Unchanged: 
 Data sizes:     COMRAM   BANK0   BANK1   BANK2   BANK3   BANK4   BANK5   BANK6   BANK7   BANK8   BANK9  BANK10  BANK11  BANK12  BANK13  BANK14  BANK15
      Params:         0       0       0       0       0       0       0       0       0       0       0       0       0       0       0       0       0
      Locals:         0       0       0       0       0       0       0       0       0       0       0       0       0       0       0       0       0
      Temps:          0       0       0       0       0       0       0       0       0       0       0       0       0       0       0       0       0
      Totals:         0       0       0       0       0       0       0       0       0       0       0       0       0       0       0       0       0
Total ram usage:        0 bytes
 Hardware stack levels used:    1
 Hardware stack levels required when called:    2
 This function calls:
		Nothing
 This function is called by:
		_main
 This function uses a non-reentrant model


 *************** function _tx_data *****************
 Defined at:
		line 6 in file "EUSART.c"
 Parameters:    Size  Location     Type
  data            1   36[COMRAM] unsigned char 
 Auto vars:     Size  Location     Type
		None
 Return value:  Size  Location     Type
		None               void
 Registers used:
		wreg, status,2, status,0, cstack
 Tracked objects:
		On entry : 
		On exit  : 
		Unchanged: 
 Data sizes:     COMRAM   BANK0   BANK1   BANK2   BANK3   BANK4   BANK5   BANK6   BANK7   BANK8   BANK9  BANK10  BANK11  BANK12  BANK13  BANK14  BANK15
      Params:         1       0       0       0       0       0       0       0       0       0       0       0       0       0       0       0       0
      Locals:         0       0       0       0       0       0       0       0       0       0       0       0       0       0       0       0       0
      Temps:          0       0       0       0       0       0       0       0       0       0       0       0       0       0       0       0       0
      Totals:         1       0       0       0       0       0       0       0       0       0       0       0       0       0       0       0       0
Total ram usage:        1 bytes
 Hardware stack levels used:    1
 Hardware stack levels required when called:    3
 This function calls:
		_Tempo
 This function is called by:
		_main
		_tx_chaine
 This function uses a non-reentrant model


 *************** function _Tempo *****************
 Defined at:
		line 55 in file "user.c"
 Parameters:    Size  Location     Type
  val             2   31[COMRAM] int 
 Auto vars:     Size  Location     Type
  i               2   34[COMRAM] int 
 Return value:  Size  Location     Type
		None               void
 Registers used:
		wreg, status,2, status,0
 Tracked objects:
		On entry : 
		On exit  : 
		Unchanged: 
 Data sizes:     COMRAM   BANK0   BANK1   BANK2   BANK3   BANK4   BANK5   BANK6   BANK7   BANK8   BANK9  BANK10  BANK11  BANK12  BANK13  BANK14  BANK15
      Params:         2       0       0       0       0       0       0       0       0       0       0       0       0       0       0       0       0
      Locals:         2       0       0       0       0       0       0       0       0       0       0       0       0       0       0       0       0
      Temps:          1       0       0       0       0       0       0       0       0       0       0       0       0       0       0       0       0
      Totals:         5       0       0       0       0       0       0       0       0       0       0       0       0       0       0       0       0
Total ram usage:        5 bytes
 Hardware stack levels used:    1
 Hardware stack levels required when called:    2
 This function calls:
		Nothing
 This function is called by:
		_init_LCD
		_clear_LCD
		_home_LCD
		_main
		_tx_data
		_shift_cursor_right
		_shift_cursor_left
		_set_cursor_pos
		_rx_data
 This function uses a non-reentrant model


 *************** function _I2C_Init *****************
 Defined at:
		line 5 in file "I2C.c"
 Parameters:    Size  Location     Type
		None
 Auto vars:     Size  Location     Type
		None
 Return value:  Size  Location     Type
		None               void
 Registers used:
		wreg, status,2
 Tracked objects:
		On entry : 
		On exit  : 
		Unchanged: 
 Data sizes:     COMRAM   BANK0   BANK1   BANK2   BANK3   BANK4   BANK5   BANK6   BANK7   BANK8   BANK9  BANK10  BANK11  BANK12  BANK13  BANK14  BANK15
      Params:         0       0       0       0       0       0       0       0       0       0       0       0       0       0       0       0       0
      Locals:         0       0       0       0       0       0       0       0       0       0       0       0       0       0       0       0       0
      Temps:          0       0       0       0       0       0       0       0       0       0       0       0       0       0       0       0       0
      Totals:         0       0       0       0       0       0       0       0       0       0       0       0       0       0       0       0       0
Total ram usage:        0 bytes
 Hardware stack levels used:    1
 Hardware stack levels required when called:    2
 This function calls:
		Nothing
 This function is called by:
		_main
 This function uses a non-reentrant model


 *************** function _get_clav *****************
 Defined at:
		line 9 in file "get_clav.c"
 Parameters:    Size  Location     Type
		None
 Auto vars:     Size  Location     Type
		None
 Return value:  Size  Location     Type
		None               void
 Registers used:
		wreg, status,2, status,0, tblptrl, tblptrh, tblptru
 Tracked objects:
		On entry : 
		On exit  : 
		Unchanged: 
 Data sizes:     COMRAM   BANK0   BANK1   BANK2   BANK3   BANK4   BANK5   BANK6   BANK7   BANK8   BANK9  BANK10  BANK11  BANK12  BANK13  BANK14  BANK15
      Params:         0       0       0       0       0       0       0       0       0       0       0       0       0       0       0       0       0
      Locals:         0       0       0       0       0       0       0       0       0       0       0       0       0       0       0       0       0
      Temps:          0       0       0       0       0       0       0       0       0       0       0       0       0       0       0       0       0
      Totals:         0       0       0       0       0       0       0       0       0       0       0       0       0       0       0       0       0
Total ram usage:        0 bytes
 Hardware stack levels used:    1
 Hardware stack levels required when called:    2
 This function calls:
		Nothing
 This function is called by:
		_main
 This function uses a non-reentrant model


 *************** function _UART *****************
 Defined at:
		line 25 in file "Interrupt.c"
 Parameters:    Size  Location     Type
		None
 Auto vars:     Size  Location     Type
		None
 Return value:  Size  Location     Type
		None               void
 Registers used:
		None
 Tracked objects:
		On entry : 
		On exit  : 
		Unchanged: 
 Data sizes:     COMRAM   BANK0   BANK1   BANK2   BANK3   BANK4   BANK5   BANK6   BANK7   BANK8   BANK9  BANK10  BANK11  BANK12  BANK13  BANK14  BANK15
      Params:         0       0       0       0       0       0       0       0       0       0       0       0       0       0       0       0       0
      Locals:         0       0       0       0       0       0       0       0       0       0       0       0       0       0       0       0       0
      Temps:         17       0       0       0       0       0       0       0       0       0       0       0       0       0       0       0       0
      Totals:        17       0       0       0       0       0       0       0       0       0       0       0       0       0       0       0       0
Total ram usage:       17 bytes
 Hardware stack levels used:    1
 Hardware stack levels required when called:    1
 This function calls:
		Nothing
 This function is called by:
		Interrupt level 1
 This function uses a non-reentrant model


 *************** function _clavier_appuyer *****************
 Defined at:
		line 7 in file "Interrupt.c"
 Parameters:    Size  Location     Type
		None
 Auto vars:     Size  Location     Type
		None
 Return value:  Size  Location     Type
		None               void
 Registers used:
		wreg, status,2
 Tracked objects:
		On entry : 
		On exit  : 
		Unchanged: 
 Data sizes:     COMRAM   BANK0   BANK1   BANK2   BANK3   BANK4   BANK5   BANK6   BANK7   BANK8   BANK9  BANK10  BANK11  BANK12  BANK13  BANK14  BANK15
      Params:         0       0       0       0       0       0       0       0       0       0       0       0       0       0       0       0       0
      Locals:         0       0       0       0       0       0       0       0       0       0       0       0       0       0       0       0       0
      Temps:         14       0       0       0       0       0       0       0       0       0       0       0       0       0       0       0       0
      Totals:        14       0       0       0       0       0       0       0       0       0       0       0       0       0       0       0       0
Total ram usage:       14 bytes
 Hardware stack levels used:    1
 This function calls:
		Nothing
 This function is called by:
		Interrupt level 2
 This function uses a non-reentrant model



MODULE INFORMATION

Module		Function		Class		Link	Load	Size
get_clav.c
		_get_clav      		CODE           	044E	0000	22

get_clav.c estimated size: 22

shared
		__initializatio		CODE           	03A4	0000	44

shared estimated size: 44

main.c
		_main          		CODE           	0258	0000	152

main.c estimated size: 152

EUSART.c
		_tx_data       		CODE           	0416	0000	28

EUSART.c estimated size: 28

Interrupt.c
		_UART          		CODE           	0018	0000	138
		_clavier_appuye		CODE           	0008	0000	592

Interrupt.c estimated size: 730

user.c
		_Tempo         		CODE           	036A	0000	58
		_Init          		CODE           	02F0	0000	122

user.c estimated size: 180

LCD.c
		_home_LCD      		CODE           	03F6	0000	32
		_init_LCD      		CODE           	00A6	0000	272
		_clear_LCD     		CODE           	03D6	0000	32

LCD.c estimated size: 336

I2C.c
		_I2C_Init      		CODE           	0432	0000	28

I2C.c estimated size: 28

